Parsing succeeded.
Parsing succeeded.
Parsing succeeded.
Parsing succeeded.
Parsing succeeded.
Parsing succeeded.
Parsing succeeded.
Parsing succeeded.
Parsing succeeded.
Parsing succeeded.
Parsing succeeded.
Parsing succeeded.
Parsing succeeded.
