String scanned: [#number]
	->Token kind: <IDNUM>
	->Token value: "#number"
String scanned: [?BYEbyebyebool]
	->Token kind: <IDBOOL>
	->Token value: "?BYEbyebyebool"
